// Jest Snapshot v1, https://goo.gl/fbAQLP

exports[`matches snapshot 1`] = `
<DocumentFragment>
  <li
    class="Todo"
  >
    <button>
      X
    </button>
  </li>
</DocumentFragment>
`;
